Command exited with non-zero status 124
	Command being timed: "timeout --signal=TERM --kill-after=30s 300s prlimit --as=1610612736 -- nice -n 10 /root/congProjects/turing-complete-works/.venv/bin/python /root/congProjects/turing-complete-works/.research/byte_adder_paper_synthesis_root/exact_tail_with_s34_free.py --gate-bound 18 --max-delay 5 --components 13 --switches 5 --xors 0 --fixed-kinds *,*,*,*,*,*,*,*,*,*,SWITCH,NOT,SWITCH --split-slots 0 --shard-count 1 --shard-index 0 --solver cadical195 --timeout 0 --output .research/byte_adder_paper_synthesis_root/remote-sweeps/s34_free_tail_terminal_priority_20260804_r1/g18_o08_s05_x0_terminal_switch-not-switch/result.json"
	User time (seconds): 294.99
	System time (seconds): 1.40
	Percent of CPU this job got: 98%
	Elapsed (wall clock) time (h:mm:ss or m:ss): 5:00.09
	Average shared text size (kbytes): 0
	Average unshared data size (kbytes): 0
	Average stack size (kbytes): 0
	Average total size (kbytes): 0
	Maximum resident set size (kbytes): 822856
	Average resident set size (kbytes): 0
	Major (requiring I/O) page faults: 0
	Minor (reclaiming a frame) page faults: 468714
	Voluntary context switches: 12
	Involuntary context switches: 48320
	Swaps: 0
	File system inputs: 0
	File system outputs: 0
	Socket messages sent: 0
	Socket messages received: 0
	Signals delivered: 0
	Page size (bytes): 4096
	Exit status: 124
