{
  "schema": "exact-suffix567-shared-phase-v1",
  "status": "unsat",
  "interface": "s6",
  "free_sources": [
    "a5",
    "b5",
    "a6",
    "b6",
    "a7",
    "b7",
    "C5",
    "G5",
    "Q5",
    "P5",
    "G6",
    "Q6",
    "P6",
    "G7",
    "Q7",
    "P7",
    "T",
    "D",
    "G",
    "C7",
    "T5",
    "0",
    "1"
  ],
  "source_arrivals": {
    "a5": 0,
    "b5": 0,
    "a6": 0,
    "b6": 0,
    "a7": 0,
    "b7": 0,
    "C5": 4,
    "G5": 1,
    "Q5": 1,
    "P5": 2,
    "G6": 1,
    "Q6": 1,
    "P6": 2,
    "G7": 1,
    "Q7": 1,
    "P7": 2,
    "T": 3,
    "D": 4,
    "G": 2,
    "C7": 5,
    "T5": 5,
    "0": 0,
    "1": 0
  },
  "gate_bound": 9,
  "max_delay": 7,
  "components": 9,
  "exact_switches": 0,
  "exact_xors": 0,
  "solver": "cadical195",
  "variables": 45146,
  "clauses": 371940,
  "solve_seconds": 179.83167930000127,
  "physical_nets": true,
  "output_deadlines": [
    6,
    7,
    7,
    7
  ],
  "forced_slot_kinds": {
    "0": "NOR",
    "1": "NOT"
  }
}
sha256=80b89c9d0df194e326749f4bc83685845ad48584ad124353632b2df6556c88aa
