{
  "schema": "exact-q34-c5-c7-joint-v1",
  "status": "unsat",
  "interface": "q34_c5_c7",
  "free_sources": [
    "a3",
    "b3",
    "a4",
    "b4",
    "C3",
    "G3",
    "Q3",
    "P3",
    "G4",
    "Q4",
    "P4",
    "A56",
    "V56",
    "0",
    "1"
  ],
  "source_arrivals": {
    "a3": 0,
    "b3": 0,
    "a4": 0,
    "b4": 0,
    "C3": 3,
    "G3": 1,
    "Q3": 1,
    "P3": 2,
    "G4": 1,
    "Q4": 1,
    "P4": 2,
    "A56": 2,
    "V56": 2,
    "0": 0,
    "1": 0
  },
  "gate_bound": 16,
  "max_delay": 4,
  "components": 3,
  "exact_switches": null,
  "exact_xors": null,
  "solver": "glucose42",
  "variables": 12646,
  "clauses": 96924,
  "solve_seconds": 0.11104471102589741,
  "physical_nets": true,
  "output_deadlines": [
    4,
    4
  ]
}
sha256=5f1cb162265f94abcc25dcfc055714cd96412a3fcc0629f405684a05f2fd1102
