Command exited with non-zero status 124
	Command being timed: "timeout --signal=TERM --kill-after=30s 300s prlimit --as=1610612736 -- nice -n 10 /root/congProjects/turing-complete-works/.venv/bin/python /root/congProjects/turing-complete-works/.research/byte_adder_paper_synthesis_root/exact_tail_with_s34_free.py --gate-bound 18 --max-delay 5 --components 12 --switches 6 --xors 0 --fixed-kinds *,*,*,*,*,*,*,*,*,SWITCH,SWITCH,NAND --split-slots 0 --shard-count 1 --shard-index 0 --solver cadical195 --timeout 0 --output .research/byte_adder_paper_synthesis_root/remote-sweeps/s34_free_tail_terminal_priority_20260804_r1/g18_o06_s06_x0_terminal_switch-switch-nand/result.json"
	User time (seconds): 296.59
	System time (seconds): 1.20
	Percent of CPU this job got: 99%
	Elapsed (wall clock) time (h:mm:ss or m:ss): 5:00.06
	Average shared text size (kbytes): 0
	Average unshared data size (kbytes): 0
	Average stack size (kbytes): 0
	Average total size (kbytes): 0
	Maximum resident set size (kbytes): 761132
	Average resident set size (kbytes): 0
	Major (requiring I/O) page faults: 0
	Minor (reclaiming a frame) page faults: 448813
	Voluntary context switches: 11
	Involuntary context switches: 23704
	Swaps: 0
	File system inputs: 0
	File system outputs: 0
	Socket messages sent: 0
	Socket messages received: 0
	Signals delivered: 0
	Page size (bytes): 4096
	Exit status: 124
