{"name": "g18_o04_s07_x0_terminal_not-switch-switch", "status": "unknown", "returncode": 124, "elapsed_seconds": 300.0602303139749}
{"name": "g18_o04_s07_x0_terminal_switch-switch-switch", "status": "unknown", "returncode": 124, "elapsed_seconds": 300.0718152989866}
{"name": "g18_o06_s06_x0_terminal_not-switch-switch", "status": "unknown", "returncode": 124, "elapsed_seconds": 300.07499318599}
{"name": "g18_o06_s06_x0_terminal_switch-switch-switch", "status": "unknown", "returncode": 124, "elapsed_seconds": 300.0800895449938}
{"name": "g18_o08_s05_x0_terminal_not-switch-switch", "status": "unknown", "returncode": 124, "elapsed_seconds": 300.08202663296834}
{"name": "g18_o08_s05_x0_terminal_switch-switch-switch", "status": "unknown", "returncode": 124, "elapsed_seconds": 300.08444178599166}
{"name": "g18_o04_s07_x0_terminal_switch-not-switch", "status": "unknown", "returncode": 124, "elapsed_seconds": 300.05626995203784}
{"name": "g18_o06_s06_x0_terminal_switch-not-switch", "status": "unknown", "returncode": 124, "elapsed_seconds": 300.0728520489647}
{"name": "g18_o04_s07_x0_terminal_switch-switch-not", "status": "unknown", "returncode": 124, "elapsed_seconds": 300.0710399170057}
{"name": "g18_o06_s06_x0_terminal_switch-switch-not", "status": "unknown", "returncode": 124, "elapsed_seconds": 300.07317819597665}
{"name": "g18_o08_s05_x0_terminal_switch-switch-not", "status": "unknown", "returncode": 124, "elapsed_seconds": 300.07846517598955}
{"name": "g18_o08_s05_x0_terminal_switch-not-switch", "status": "unknown", "returncode": 124, "elapsed_seconds": 300.091689746012}
{"name": "g18_o04_s07_x0_terminal_and-switch-switch", "status": "unknown", "returncode": 124, "elapsed_seconds": 300.0605356859742}
{"name": "g18_o08_s05_x0_terminal_and-switch-switch", "status": "unknown", "returncode": 124, "elapsed_seconds": 300.0665846799966}
{"name": "g18_o06_s06_x0_terminal_and-switch-switch", "status": "unknown", "returncode": 124, "elapsed_seconds": 300.0861297759693}
{"name": "g18_o04_s07_x0_terminal_switch-and-switch", "status": "unknown", "returncode": 124, "elapsed_seconds": 300.0776607709704}
{"name": "g18_o06_s06_x0_terminal_switch-and-switch", "status": "unknown", "returncode": 124, "elapsed_seconds": 300.0774215779966}
{"name": "g18_o08_s05_x0_terminal_switch-and-switch", "status": "unknown", "returncode": 124, "elapsed_seconds": 300.0786126330495}
{"name": "g18_o04_s07_x0_terminal_switch-switch-and", "status": "unknown", "returncode": 124, "elapsed_seconds": 300.06334092101315}
{"name": "g18_o06_s06_x0_terminal_switch-switch-and", "status": "unknown", "returncode": 124, "elapsed_seconds": 300.08084286900703}
{"name": "g18_o04_s07_x0_terminal_or-switch-switch", "status": "unknown", "returncode": 124, "elapsed_seconds": 300.0723448689678}
{"name": "g18_o08_s05_x0_terminal_switch-switch-and", "status": "unknown", "returncode": 124, "elapsed_seconds": 300.07996484602336}
{"name": "g18_o06_s06_x0_terminal_or-switch-switch", "status": "unknown", "returncode": 124, "elapsed_seconds": 300.0793543900363}
{"name": "g18_o08_s05_x0_terminal_or-switch-switch", "status": "unknown", "returncode": 124, "elapsed_seconds": 300.08915010798955}
{"name": "g18_o04_s07_x0_terminal_switch-or-switch", "status": "unknown", "returncode": 124, "elapsed_seconds": 300.05544436804485}
{"name": "g18_o04_s07_x0_terminal_switch-switch-or", "status": "unknown", "returncode": 124, "elapsed_seconds": 300.05935495201265}
{"name": "g18_o06_s06_x0_terminal_switch-or-switch", "status": "unknown", "returncode": 124, "elapsed_seconds": 300.07650491403183}
{"name": "g18_o08_s05_x0_terminal_switch-or-switch", "status": "unknown", "returncode": 124, "elapsed_seconds": 300.0722874479834}
{"name": "g18_o06_s06_x0_terminal_switch-switch-or", "status": "unknown", "returncode": 124, "elapsed_seconds": 300.0740278440062}
{"name": "g18_o08_s05_x0_terminal_switch-switch-or", "status": "unknown", "returncode": 124, "elapsed_seconds": 300.0776042260113}
{"name": "g18_o04_s07_x0_terminal_nand-switch-switch", "status": "unknown", "returncode": 124, "elapsed_seconds": 300.0711228320142}
{"name": "g18_o06_s06_x0_terminal_nand-switch-switch", "status": "unknown", "returncode": 124, "elapsed_seconds": 300.09043104999}
{"name": "g18_o08_s05_x0_terminal_nand-switch-switch", "status": "unknown", "returncode": 124, "elapsed_seconds": 300.0882598289754}
{"name": "g18_o04_s07_x0_terminal_switch-nand-switch", "status": "unknown", "returncode": 124, "elapsed_seconds": 300.08532318798825}
{"name": "g18_o06_s06_x0_terminal_switch-nand-switch", "status": "unknown", "returncode": 124, "elapsed_seconds": 300.089836233994}
{"name": "g18_o08_s05_x0_terminal_switch-nand-switch", "status": "unknown", "returncode": 124, "elapsed_seconds": 300.09341111202957}
{"name": "g18_o04_s07_x0_terminal_switch-switch-nand", "status": "unknown", "returncode": 124, "elapsed_seconds": 300.0608867420233}
{"name": "g18_o06_s06_x0_terminal_switch-switch-nand", "status": "unknown", "returncode": 124, "elapsed_seconds": 300.06808431004174}
{"name": "g18_o04_s07_x0_terminal_nor-switch-switch", "status": "unknown", "returncode": 124, "elapsed_seconds": 300.06962164101424}
{"name": "g18_o08_s05_x0_terminal_switch-switch-nand", "status": "unknown", "returncode": 124, "elapsed_seconds": 300.07898809498874}
{"name": "g18_o06_s06_x0_terminal_nor-switch-switch", "status": "unknown", "returncode": 124, "elapsed_seconds": 300.0790412350325}
{"name": "g18_o08_s05_x0_terminal_nor-switch-switch", "status": "unknown", "returncode": 124, "elapsed_seconds": 300.0692910539801}
{"name": "g18_o04_s07_x0_terminal_switch-nor-switch", "status": "unknown", "returncode": 124, "elapsed_seconds": 300.06599357503}
{"name": "g18_o04_s07_x0_terminal_switch-switch-nor", "status": "unknown", "returncode": 124, "elapsed_seconds": 300.06298611999955}
{"name": "g18_o06_s06_x0_terminal_switch-nor-switch", "status": "unknown", "returncode": 124, "elapsed_seconds": 300.07869596395176}
{"name": "g18_o08_s05_x0_terminal_switch-nor-switch", "status": "unknown", "returncode": 124, "elapsed_seconds": 300.078831841005}
{"name": "g18_o06_s06_x0_terminal_switch-switch-nor", "status": "unknown", "returncode": 124, "elapsed_seconds": 300.0743536229711}
{"name": "g18_o08_s05_x0_terminal_switch-switch-nor", "status": "unknown", "returncode": 124, "elapsed_seconds": 300.07057316502323}
{
  "summary": ".research/byte_adder_paper_synthesis_root/remote-sweeps/s34_free_tail_terminal_priority_20260804_r1/summary.json",
  "summary_sha256": "6460900eb134022b1d0cf36cee774a9b71aba4c397c97945f988191f5b6beaf4",
  "counts": {
    "sat": 0,
    "unsat": 0,
    "unknown": 48
  }
}
